10.0
5
20
4
False
True
False
True
True
False
True
True
False
False
False
True
True
False
True
False
True
False
True
False
True
0
1
0
True
False
False
1.0
1.45454545455
33.8386336182
50.0
49.5
50.0
9.0
(4.0755870761,4.0755870761j)
2
1.5
0.2
.2
0.223e+4
(0,.32101e+3j)
{'a':1.0,'c':3.0,'b':2.0}
[1.0,2.0,['a','b','c'],4.0]
['a','b','c','d']
{'a':1.0,'c':[1.0,2.0,'three'],'b':2.0}
[[1.0,2.0,3.0,4.0],[6.0,7.0,8.0,9.0],['a','b','c','d']]
[-5.-6.]
[-1.-2.-3.-4.]
[2.3.4.5.6.]
'asimplestring'
'd'
[0.1.2.4.8.16.32.]
[6.7.8.9.]
70.0
'sqrt(22.3)=4.72229'
[1927]
[[1920][2728]]
[[1617181920212223][2425262728293031]]
[60.62.565.67.570.72.575.77.5]
[0.0.156434470.309016990.45399050.587785250.70710678
0.80901699]
