7
-1.0471975512
2.66666666667
2.66666666667
14
11
5.5
7.5
1.0
11
64
512
3
-6
-9
512
17
74
-1
0.995004165278
0.0998334166468
0.994970698098
(0.0831511848472+0.774431266899j)
3.14159265359
1.22460635382e-16j
