x,y =  3.31662479036 -0.984720943124
 Loop 1
 Loop 2
 Loop 3
 Loop 4
 Loop 5
 Loop 6
 Loop 7
