x = sqrt(11) =  3.31662479036
y = cos(x)   =  -0.984720943124
 Loop 1
 Loop 2
 Loop 3
 Loop 4
 Loop 5
 Loop 6
 Loop 7
c0xx =  3.4
 this is f1  2 1.22474487139 2.01
 in f1 :  4.92347438299 3
4.92347438299 3
